// Jest Snapshot v1, https://goo.gl/fbAQLP

exports[`should render EditExpensePage 1`] = `
ShallowWrapper {
  Symbol(enzyme.__root__): [Circular],
  Symbol(enzyme.__unrendered__): <EditExpensePage
    expense={
      Object {
        "amount": 4500,
        "createdAt": 345600000,
        "description": "Credit Card",
        "id": "3",
        "note": "",
      }
    }
    history={
      Object {
        "push": [MockFunction],
      }
    }
    startEditExpense={[MockFunction]}
    startRemoveExpense={[MockFunction]}
  />,
  Symbol(enzyme.__renderer__): Object {
    "batchedUpdates": [Function],
    "getNode": [Function],
    "render": [Function],
    "simulateEvent": [Function],
    "unmount": [Function],
  },
  Symbol(enzyme.__node__): Object {
    "instance": null,
    "key": undefined,
    "nodeType": "host",
    "props": Object {
      "children": Array [
        <div
          className="page-header"
        >
          <div
            className="content-container"
          >
            <h1
              className="page-header__title"
            >
              Edit expense
            </h1>
          </div>
        </div>,
        <div
          className="content-container"
        >
          <ExpenseForm
            buttonTitle="Save expense"
            expense={
              Object {
                "amount": 4500,
                "createdAt": 345600000,
                "description": "Credit Card",
                "id": "3",
                "note": "",
              }
            }
            onSubmit={[Function]}
          />
          <button
            className="button button--secondary"
            onClick={[Function]}
          >
            Remove expense
          </button>
        </div>,
      ],
    },
    "ref": null,
    "rendered": Array [
      Object {
        "instance": null,
        "key": undefined,
        "nodeType": "host",
        "props": Object {
          "children": <div
            className="content-container"
          >
            <h1
              className="page-header__title"
            >
              Edit expense
            </h1>
          </div>,
          "className": "page-header",
        },
        "ref": null,
        "rendered": Object {
          "instance": null,
          "key": undefined,
          "nodeType": "host",
          "props": Object {
            "children": <h1
              className="page-header__title"
            >
              Edit expense
            </h1>,
            "className": "content-container",
          },
          "ref": null,
          "rendered": Object {
            "instance": null,
            "key": undefined,
            "nodeType": "host",
            "props": Object {
              "children": "Edit expense",
              "className": "page-header__title",
            },
            "ref": null,
            "rendered": "Edit expense",
            "type": "h1",
          },
          "type": "div",
        },
        "type": "div",
      },
      Object {
        "instance": null,
        "key": undefined,
        "nodeType": "host",
        "props": Object {
          "children": Array [
            <ExpenseForm
              buttonTitle="Save expense"
              expense={
                Object {
                  "amount": 4500,
                  "createdAt": 345600000,
                  "description": "Credit Card",
                  "id": "3",
                  "note": "",
                }
              }
              onSubmit={[Function]}
            />,
            <button
              className="button button--secondary"
              onClick={[Function]}
            >
              Remove expense
            </button>,
          ],
          "className": "content-container",
        },
        "ref": null,
        "rendered": Array [
          Object {
            "instance": null,
            "key": undefined,
            "nodeType": "class",
            "props": Object {
              "buttonTitle": "Save expense",
              "expense": Object {
                "amount": 4500,
                "createdAt": 345600000,
                "description": "Credit Card",
                "id": "3",
                "note": "",
              },
              "onSubmit": [Function],
            },
            "ref": null,
            "rendered": null,
            "type": [Function],
          },
          Object {
            "instance": null,
            "key": undefined,
            "nodeType": "host",
            "props": Object {
              "children": "Remove expense",
              "className": "button button--secondary",
              "onClick": [Function],
            },
            "ref": null,
            "rendered": "Remove expense",
            "type": "button",
          },
        ],
        "type": "div",
      },
    ],
    "type": "div",
  },
  Symbol(enzyme.__nodes__): Array [
    Object {
      "instance": null,
      "key": undefined,
      "nodeType": "host",
      "props": Object {
        "children": Array [
          <div
            className="page-header"
          >
            <div
              className="content-container"
            >
              <h1
                className="page-header__title"
              >
                Edit expense
              </h1>
            </div>
          </div>,
          <div
            className="content-container"
          >
            <ExpenseForm
              buttonTitle="Save expense"
              expense={
                Object {
                  "amount": 4500,
                  "createdAt": 345600000,
                  "description": "Credit Card",
                  "id": "3",
                  "note": "",
                }
              }
              onSubmit={[Function]}
            />
            <button
              className="button button--secondary"
              onClick={[Function]}
            >
              Remove expense
            </button>
          </div>,
        ],
      },
      "ref": null,
      "rendered": Array [
        Object {
          "instance": null,
          "key": undefined,
          "nodeType": "host",
          "props": Object {
            "children": <div
              className="content-container"
            >
              <h1
                className="page-header__title"
              >
                Edit expense
              </h1>
            </div>,
            "className": "page-header",
          },
          "ref": null,
          "rendered": Object {
            "instance": null,
            "key": undefined,
            "nodeType": "host",
            "props": Object {
              "children": <h1
                className="page-header__title"
              >
                Edit expense
              </h1>,
              "className": "content-container",
            },
            "ref": null,
            "rendered": Object {
              "instance": null,
              "key": undefined,
              "nodeType": "host",
              "props": Object {
                "children": "Edit expense",
                "className": "page-header__title",
              },
              "ref": null,
              "rendered": "Edit expense",
              "type": "h1",
            },
            "type": "div",
          },
          "type": "div",
        },
        Object {
          "instance": null,
          "key": undefined,
          "nodeType": "host",
          "props": Object {
            "children": Array [
              <ExpenseForm
                buttonTitle="Save expense"
                expense={
                  Object {
                    "amount": 4500,
                    "createdAt": 345600000,
                    "description": "Credit Card",
                    "id": "3",
                    "note": "",
                  }
                }
                onSubmit={[Function]}
              />,
              <button
                className="button button--secondary"
                onClick={[Function]}
              >
                Remove expense
              </button>,
            ],
            "className": "content-container",
          },
          "ref": null,
          "rendered": Array [
            Object {
              "instance": null,
              "key": undefined,
              "nodeType": "class",
              "props": Object {
                "buttonTitle": "Save expense",
                "expense": Object {
                  "amount": 4500,
                  "createdAt": 345600000,
                  "description": "Credit Card",
                  "id": "3",
                  "note": "",
                },
                "onSubmit": [Function],
              },
              "ref": null,
              "rendered": null,
              "type": [Function],
            },
            Object {
              "instance": null,
              "key": undefined,
              "nodeType": "host",
              "props": Object {
                "children": "Remove expense",
                "className": "button button--secondary",
                "onClick": [Function],
              },
              "ref": null,
              "rendered": "Remove expense",
              "type": "button",
            },
          ],
          "type": "div",
        },
      ],
      "type": "div",
    },
  ],
  Symbol(enzyme.__options__): Object {
    "adapter": ReactSixteenAdapter {
      "options": Object {
        "enableComponentDidUpdateOnSetState": true,
        "lifecycles": Object {
          "componentDidUpdate": Object {
            "onSetState": true,
          },
          "getDerivedStateFromProps": true,
          "getSnapshotBeforeUpdate": true,
          "setState": Object {
            "skipsComponentDidUpdateOnNullish": true,
          },
        },
      },
    },
    "attachTo": undefined,
    "hydrateIn": undefined,
  },
}
`;
